
> my-app@0.0.0 build
> tsc -b && vite build

src/components/ErrorBoundary.tsx(1,28): error TS1484: 'ErrorInfo' is a type and must be imported using a type-only import when 'verbatimModuleSyntax' is enabled.
src/components/ErrorBoundary.tsx(1,39): error TS1484: 'ReactNode' is a type and must be imported using a type-only import when 'verbatimModuleSyntax' is enabled.
src/pages/admin/AthletesAdmin.tsx(99,64): error TS2554: Expected 2 arguments, but got 1.
src/sections/HowItWorks.tsx(234,25): error TS7006: Parameter 'step' implicitly has an 'any' type.
src/sections/HowItWorks.tsx(234,31): error TS7006: Parameter 'index' implicitly has an 'any' type.
src/sections/HowItWorks.tsx(342,33): error TS7006: Parameter 'step' implicitly has an 'any' type.
src/sections/HowItWorks.tsx(342,39): error TS7006: Parameter 'index' implicitly has an 'any' type.
src/sections/HowItWorks.tsx(389,31): error TS7006: Parameter 'feature' implicitly has an 'any' type.
src/sections/HowItWorks.tsx(389,40): error TS7006: Parameter 'idx' implicitly has an 'any' type.
src/sections/WhyChooseUs.tsx(59,26): error TS2304: Cannot find name 'containerRef'.
src/sections/WhyChooseUs.tsx(78,17): error TS2304: Cannot find name 'containerRef'.
src/sections/WhyChooseUs.tsx(84,23): error TS2304: Cannot find name 'containerRef'.
